{"t":{"$date":"2022-08-16T00:47:22.067+03:00"},"s":"I",  "c":"STORAGE",  "id":22430,   "ctx":"serviceShutdown","msg":"WiredTiger message","attr":{"message":"[1660600042:66689][2408:140715889939792], close_ckpt: [WT_VERB_CHECKPOINT_PROGRESS] saving checkpoint snapshot min: 1656, snapshot max: 1656 snapshot count: 0, oldest timestamp: (1660599736, 1) , meta checkpoint timestamp: (1660600036, 1) base write gen: 505894"}}
{"t":{"$date":"2022-08-16T00:47:22.067+03:00"},"s":"I",  "c":"STORAGE",  "id":22430,   "ctx":"serviceShutdown","msg":"WiredTiger message","attr":{"message":"[1660600042:66689][2408:140715889939792], close_ckpt: [WT_VERB_CHECKPOINT_PROGRESS] saving checkpoint snapshot min: 1656, snapshot max: 1656 snapshot count: 0, oldest timestamp: (1660599736, 1) , meta checkpoint timestamp: (1660600036, 1) base write gen: 505894"}}
{"t":{"$date":"2022-08-16T00:47:22.067+03:00"},"s":"I",  "c":"STORAGE",  "id":22430,   "ctx":"serviceShutdown","msg":"WiredTiger message","attr":{"message":"[1660600042:66689][2408:140715889939792], close_ckpt: [WT_VERB_CHECKPOINT_PROGRESS] saving checkpoint snapshot min: 1656, snapshot max: 1656 snapshot count: 0, oldest timestamp: (1660599736, 1) , meta checkpoint timestamp: (1660600036, 1) base write gen: 505894"}}
{"t":{"$date":"2022-08-16T00:47:22.067+03:00"},"s":"I",  "c":"STORAGE",  "id":22430,   "ctx":"serviceShutdown","msg":"WiredTiger message","attr":{"message":"[1660600042:66689][2408:140715889939792], close_ckpt: [WT_VERB_CHECKPOINT_PROGRESS] saving checkpoint snapshot min: 1656, snapshot max: 1656 snapshot count: 0, oldest timestamp: (1660599736, 1) , meta checkpoint timestamp: (1660600036, 1) base write gen: 505894"}}
{"t":{"$date":"2022-08-16T00:47:22.067+03:00"},"s":"I",  "c":"STORAGE",  "id":22430,   "ctx":"serviceShutdown","msg":"WiredTiger message","attr":{"message":"[1660600042:66689][2408:140715889939792], close_ckpt: [WT_VERB_CHECKPOINT_PROGRESS] saving checkpoint snapshot min: 1656, snapshot max: 1656 snapshot count: 0, oldest timestamp: (1660599736, 1) , meta checkpoint timestamp: (1660600036, 1) base write gen: 505894"}}
{"t":{"$date":"2022-08-17T00:47:22.067+03:00"},"s":"I",  "c":"STORAGE",  "id":22430,   "ctx":"serviceShutdown","msg":"WiredTiger message","attr":{"message":"[1660600042:66689][2408:140715889939792], close_ckpt: [WT_VERB_CHECKPOINT_PROGRESS] saving checkpoint snapshot min: 1656, snapshot max: 1656 snapshot count: 0, oldest timestamp: (1660599736, 1) , meta checkpoint timestamp: (1660600036, 1) base write gen: 505894"}}
